// Jest Snapshot v1, https://goo.gl/fbAQLP

exports[`Address Model should match the snapshot 1`] = `
Object {
  "properties": Object {
    "city": Object {
      "type": "string",
    },
    "line1": Object {
      "type": "string",
    },
    "line2": Object {
      "type": "string",
    },
    "postalCode": Object {
      "type": "string",
    },
    "stateProvince": Object {
      "type": "string",
    },
  },
  "title": "Address",
  "type": "object",
}
`;
