// Jest Snapshot v1, https://goo.gl/fbAQLP

exports[`Contact Model request should match the snapshot 1`] = `
Object {
  "properties": Object {
    "batchItemId": Object {
      "type": "number",
    },
    "businessName": Object {
      "type": "string",
    },
    "contactAccountId": Object {
      "type": "number",
    },
    "dialCode": Object {
      "type": "string",
    },
    "email": Object {
      "type": "string",
    },
    "firstName": Object {
      "type": "string",
    },
    "id": Object {
      "type": "number",
    },
    "isoCountryCode": Object {
      "type": "string",
    },
    "lastName": Object {
      "type": "string",
    },
    "phoneNumber": Object {
      "type": "string",
    },
  },
  "title": "ContactRequest",
  "type": "object",
}
`;

exports[`Contact Model response should match the snapshot 1`] = `
Object {
  "properties": Object {
    "bankAccount": Object {
      "properties": Object {
        "bankAccountNumber": Object {
          "type": "string",
        },
        "bankAddress": Object {
          "properties": Object {
            "city": Object {
              "type": "string",
            },
            "line1": Object {
              "type": "string",
            },
            "line2": Object {
              "type": "string",
            },
            "postalCode": Object {
              "type": "string",
            },
            "stateProvince": Object {
              "type": "string",
            },
          },
          "type": "object",
        },
        "bankCnaps": Object {
          "type": "string",
        },
        "bankCode": Object {
          "type": "string",
        },
        "bankIfscBranchCode": Object {
          "type": "string",
        },
        "bankInstitutionNumber": Object {
          "type": "string",
        },
        "bankName": Object {
          "type": "string",
        },
        "beneficiaryName": Object {
          "type": "string",
        },
        "branchCode": Object {
          "type": "string",
        },
        "bsbBankCode": Object {
          "type": "string",
        },
        "clabe": Object {
          "type": "string",
        },
        "currencyCode": Object {
          "type": "string",
        },
        "iban": Object {
          "type": "string",
        },
        "isoCountryCode": Object {
          "type": "string",
        },
        "routingNumber": Object {
          "type": "string",
        },
        "sortCode": Object {
          "type": "string",
        },
        "swiftBic": Object {
          "type": "string",
        },
        "transitCode": Object {
          "type": "string",
        },
      },
      "type": "object",
    },
    "businessAddress": Object {
      "properties": Object {
        "city": Object {
          "type": "string",
        },
        "line1": Object {
          "type": "string",
        },
        "line2": Object {
          "type": "string",
        },
        "postalCode": Object {
          "type": "string",
        },
        "stateProvince": Object {
          "type": "string",
        },
      },
      "type": "object",
    },
    "businessName": Object {
      "type": "string",
    },
    "email": Object {
      "type": "string",
    },
    "externalBusinessId": Object {
      "type": "string",
    },
    "firstName": Object {
      "type": "string",
    },
    "isoCountryCode": Object {
      "type": "string",
    },
    "lastName": Object {
      "type": "string",
    },
    "phoneDialCode": Object {
      "type": "string",
    },
    "phoneNumber": Object {
      "type": "string",
    },
    "type": Object {
      "type": "string",
    },
  },
  "title": "ContactResponse",
  "type": "object",
}
`;
