// Jest Snapshot v1, https://goo.gl/fbAQLP

exports[`MonetaryAmount Model should match the snapshot 1`] = `
Object {
  "properties": Object {
    "amount": Object {
      "type": "number",
    },
    "currency": Object {
      "type": "string",
    },
  },
  "title": "MonetaryAmount",
  "type": "object",
}
`;
